// Vitest Snapshot v1, https://vitest.dev/guide/snapshot.html

exports[`component 1`] = `"<div><span>Bar</span><span>Bux</span></div>"`;

exports[`expression 1`] = `"Hello World!"`;

exports[`none 1`] = `""`;
