// Vitest Snapshot v1, https://vitest.dev/guide/snapshot.html

exports[`host vars 1`] = `"<!$><div data-maverick="" class="foo ... bar"></div>"`;
