// Vitest Snapshot v1, https://vitest.dev/guide/snapshot.html

exports[`host vars 1`] = `"<!$><div data-maverick="" style="background-color: var(--bg-color);z-index: var(--z-index);--color: red;--bg-color: red;--z-index: 20;"></div>"`;
