// Vitest Snapshot v1, https://vitest.dev/guide/snapshot.html

exports[`render 1`] = `
<body>
  
    
  
  


  <mk-foo
    data-foo=""
    data-maverick=""
  >
    <div>
      Foo Content
    </div>
    <mk-bar
      data-bar=""
      data-maverick=""
    >
      <div>
        Bar Content
      </div>
    </mk-bar>
    <mk-hux
      data-hux=""
      data-maverick=""
    />
  </mk-foo>
</body>
`;

exports[`render 2`] = `
HTMLCollection [
  <div>
    Hux Content
  </div>,
]
`;
