// Vitest Snapshot v1, https://vitest.dev/guide/snapshot.html

exports[`should render non-keyed loop 1`] = `
<body>
  
    
  
  


  <span>
    1
     - 
    0
  </span>
  <span>
    2
     - 
    1
  </span>
  <span>
    3
     - 
    2
  </span>
</body>
`;

exports[`should render non-keyed loop 2`] = `
<body>
  
    
  
  


  <span>
    2
     - 
    0
  </span>
  <span>
    3
     - 
    1
  </span>
  <span>
    4
     - 
    2
  </span>
</body>
`;

exports[`should render non-keyed loop 3`] = `
<body>
  
    
  
  


  <span>
    2
     - 
    0
  </span>
  <span>
    3
     - 
    1
  </span>
</body>
`;

exports[`should render non-keyed loop 4`] = `
<body>
  
    
  
  


  <span>
    2
     - 
    0
  </span>
  <span>
    3
     - 
    1
  </span>
  <span>
    4
     - 
    2
  </span>
  <span>
    5
     - 
    3
  </span>
</body>
`;

exports[`should render non-keyed loop 5`] = `
<body>
  
    
  
  


  <span>
    3
     - 
    0
  </span>
  <span>
    4
     - 
    1
  </span>
  <span>
    5
     - 
    2
  </span>
</body>
`;

exports[`should render non-keyed loop 6`] = `<body />`;
