// Vitest Snapshot v1, https://vitest.dev/guide/snapshot.html

exports[`dynamic 1`] = `"<!$><div data-foo="1920" data-bar="1080"></div>"`;

exports[`signal 1`] = `"<!$><div data-foo="1920"></div>"`;

exports[`static 1`] = `"<div data-foo="1920" data-bar="1080"></div>"`;
