// Vitest Snapshot v1, https://vitest.dev/guide/snapshot.html

exports[`should render keyed loop 1`] = `"<span>a - 0</span><span>b - 1</span><span>c - 2</span><!/[]>"`;
