// Vitest Snapshot v1, https://vitest.dev/guide/snapshot.html

exports[`should render non-keyed loop 1`] = `"<span>1 - 0</span><span>2 - 1</span><span>3 - 2</span><!/[]>"`;
