// Vitest Snapshot v1, https://vitest.dev/guide/snapshot.html

exports[`should handle basic setup and destroy 1`] = `
"
    
  

<mk-test-1></mk-test-1>"
`;
